{"level":"info","time":"2026-07-18T13:42:43Z","message":"Thank you for trying Cloudflare Tunnel. Doing so, without a Cloudflare account, is a quick way to experiment and try it out. However, be aware that these account-less Tunnels have no uptime guarantee, are subject to the Cloudflare Online Services Terms of Use (https://www.cloudflare.com/website-terms/), and Cloudflare reserves the right to investigate your use of Tunnels for violations of such terms. If you intend to use Tunnels in production you should use a pre-created named tunnel by following: https://developers.cloudflare.com/cloudflare-one/connections/connect-apps"}
{"level":"info","time":"2026-07-18T13:42:43Z","message":"Requesting new quick Tunnel on trycloudflare.com..."}
{"level":"info","time":"2026-07-18T13:42:51Z","message":"+--------------------------------------------------------------------------------------------+"}
{"level":"info","time":"2026-07-18T13:42:51Z","message":"|  Your quick Tunnel has been created! Visit it at (it may take some time to be reachable):  |"}
{"level":"info","time":"2026-07-18T13:42:51Z","message":"|  https://phase-bacon-corresponding-single.trycloudflare.com                                |"}
{"level":"info","time":"2026-07-18T13:42:51Z","message":"+--------------------------------------------------------------------------------------------+"}
{"level":"info","time":"2026-07-18T13:42:51Z","message":"Cannot determine default configuration path. No file [config.yml config.yaml] in [~/.cloudflared ~/.cloudflare-warp ~/cloudflare-warp /etc/cloudflared /usr/local/etc/cloudflared]"}
{"level":"info","time":"2026-07-18T13:42:51Z","message":"Version 2026.7.2 (Checksum ec905ea7b7e327ff8abdde8cb64697a2152de74dbcdbf6aec9db8364eb3886cd)"}
{"level":"info","time":"2026-07-18T13:42:51Z","message":"GOOS: linux, GOVersion: go1.26.4, GoArch: amd64"}
{"level":"info","time":"2026-07-18T13:42:51Z","message":"Settings: map[ha-connections:1 logfile:cf.log protocol:quic url:127.0.0.1:3333]"}
{"level":"info","autoupdateFreq":86400000,"time":"2026-07-18T13:42:51Z","message":"Autoupdate frequency is set"}
{"level":"info","time":"2026-07-18T13:42:51Z","message":"Generated Connector ID: a2d28cec-641f-4e7f-b6f9-7bb98aea3e70"}
{"level":"info","time":"2026-07-18T13:42:51Z","message":"Initial protocol quic"}
{"level":"info","time":"2026-07-18T13:42:51Z","message":"ICMP proxy will use 10.122.138.235 as source for IPv4"}
{"level":"info","time":"2026-07-18T13:42:51Z","message":"ICMP proxy will use 2409:4081:9c4a:3e5a:4342:6919:dded:d328 in zone wlan0 as source for IPv6"}
{"level":"info","time":"2026-07-18T13:42:53Z","message":"ICMP proxy will use 10.122.138.235 as source for IPv4"}
{"level":"info","time":"2026-07-18T13:42:53Z","message":"ICMP proxy will use 2409:4081:9c4a:3e5a:4342:6919:dded:d328 in zone wlan0 as source for IPv6"}
{"level":"info","time":"2026-07-18T13:42:53Z","message":"Starting metrics server on 127.0.0.1:20241/metrics"}
{"level":"info","event":0,"ip":"2606:4700:a8::8","connIndex":0,"time":"2026-07-18T13:42:54Z","message":"Tunnel connection curve preferences: [X25519MLKEM768 CurveID(65074) CurveP256]"}
{"level":"info","time":"2026-07-18T13:42:54Z","message":"+-------------------------------------------------------------------------------------+"}
{"level":"info","time":"2026-07-18T13:42:54Z","message":"|                               CONNECTIVITY PRE-CHECKS                               |"}
{"level":"info","time":"2026-07-18T13:42:54Z","message":"+-------------------------------------------------------------------------------------+"}
{"level":"info","time":"2026-07-18T13:42:54Z","message":"|  COMPONENT         TARGET                     STATUS  DETAILS                       |"}
{"level":"info","time":"2026-07-18T13:42:54Z","message":"|  DNS Resolution    region1.v2.argotunnel.com  PASS    DNS Resolved successfully     |"}
{"level":"info","time":"2026-07-18T13:42:54Z","message":"|  DNS Resolution    region2.v2.argotunnel.com  PASS    DNS Resolved successfully     |"}
{"level":"info","time":"2026-07-18T13:42:54Z","message":"|  UDP Connectivity  region1.v2.argotunnel.com  PASS    QUIC connection successful    |"}
{"level":"info","time":"2026-07-18T13:42:54Z","message":"|  UDP Connectivity  region2.v2.argotunnel.com  PASS    QUIC connection successful    |"}
{"level":"info","time":"2026-07-18T13:42:54Z","message":"|  TCP Connectivity  region1.v2.argotunnel.com  PASS    HTTP/2 connection successful  |"}
{"level":"info","time":"2026-07-18T13:42:54Z","message":"|  TCP Connectivity  region2.v2.argotunnel.com  PASS    HTTP/2 connection successful  |"}
{"level":"info","time":"2026-07-18T13:42:54Z","message":"|  Cloudflare API    api.cloudflare.com:443     PASS    API is reachable              |"}
{"level":"info","time":"2026-07-18T13:42:54Z","message":"|                                                                                     |"}
{"level":"info","time":"2026-07-18T13:42:54Z","message":"|  SUMMARY: Environment is healthy. cloudflared will use 'quic' as primary protocol.  |"}
{"level":"info","time":"2026-07-18T13:42:54Z","message":"+-------------------------------------------------------------------------------------+"}
{"level":"info","run_id":"fce320c6-f1e6-4f48-810c-9f4857ed4162","component":"DNS Resolution","target":"region1.v2.argotunnel.com","status":"pass","details":"DNS Resolved successfully","time":"2026-07-18T13:42:54Z","message":"precheck"}
{"level":"info","run_id":"fce320c6-f1e6-4f48-810c-9f4857ed4162","component":"DNS Resolution","target":"region2.v2.argotunnel.com","status":"pass","details":"DNS Resolved successfully","time":"2026-07-18T13:42:54Z","message":"precheck"}
{"level":"info","run_id":"fce320c6-f1e6-4f48-810c-9f4857ed4162","component":"UDP Connectivity","target":"region1.v2.argotunnel.com","status":"pass","details":"QUIC connection successful","time":"2026-07-18T13:42:54Z","message":"precheck"}
{"level":"info","run_id":"fce320c6-f1e6-4f48-810c-9f4857ed4162","component":"UDP Connectivity","target":"region2.v2.argotunnel.com","status":"pass","details":"QUIC connection successful","time":"2026-07-18T13:42:54Z","message":"precheck"}
{"level":"info","run_id":"fce320c6-f1e6-4f48-810c-9f4857ed4162","component":"TCP Connectivity","target":"region1.v2.argotunnel.com","status":"pass","details":"HTTP/2 connection successful","time":"2026-07-18T13:42:54Z","message":"precheck"}
{"level":"info","run_id":"fce320c6-f1e6-4f48-810c-9f4857ed4162","component":"TCP Connectivity","target":"region2.v2.argotunnel.com","status":"pass","details":"HTTP/2 connection successful","time":"2026-07-18T13:42:54Z","message":"precheck"}
{"level":"info","run_id":"fce320c6-f1e6-4f48-810c-9f4857ed4162","component":"Cloudflare API","target":"api.cloudflare.com:443","status":"pass","details":"API is reachable","time":"2026-07-18T13:42:54Z","message":"precheck"}
{"level":"info","run_id":"fce320c6-f1e6-4f48-810c-9f4857ed4162","hard_fail":false,"suggested_protocol":"quic","time":"2026-07-18T13:42:54Z","message":"precheck complete"}
{"level":"info","event":0,"connection":"0f4d7222-79d1-46c3-9d48-e60fcbb3c092","connIndex":0,"location":"bom11","ip":"2606:4700:a8::8","protocol":"quic","time":"2026-07-18T13:42:55Z","message":"Registered tunnel connection"}
{"level":"info","time":"2026-07-18T13:51:11Z","message":"Initiating graceful shutdown due to signal interrupt ..."}
{"level":"error","event":0,"ip":"2606:4700:a8::8","connIndex":0,"error":"context canceled","time":"2026-07-18T13:51:11Z","message":"failed to run the datagram handler"}
{"level":"error","event":0,"ip":"2606:4700:a8::8","connIndex":0,"error":"accept stream listener encountered a failure while serving","time":"2026-07-18T13:51:11Z","message":"failed to serve tunnel connection"}
{"level":"error","event":0,"ip":"2606:4700:a8::8","connIndex":0,"error":"accept stream listener encountered a failure while serving","time":"2026-07-18T13:51:11Z","message":"Serve tunnel error"}
{"level":"info","event":0,"ip":"2606:4700:a8::8","connIndex":0,"time":"2026-07-18T13:51:11Z","message":"Retrying connection in up to 1s"}
{"level":"error","connIndex":0,"time":"2026-07-18T13:51:11Z","message":"Connection terminated"}
{"level":"error","time":"2026-07-18T13:51:11Z","message":"no more connections active and exiting"}
{"level":"info","time":"2026-07-18T13:51:11Z","message":"Tunnel server stopped"}
{"level":"info","time":"2026-07-18T13:51:11Z","message":"Metrics server stopped"}
